18:03:44 **** Auto Build of configuration Debug for project BRAM_test ****
make all 
'Building file: ../src/memorytest.c'
'Invoking: ARM v8 gcc compiler'
aarch64-none-elf-gcc -Wall -O0 -g3 -c -fmessage-length=0 -MT"src/memorytest.o" -I../../standalone_bsp_0/psu_cortexa53_0/include -MMD -MP -MF"src/memorytest.d" -MT"src/memorytest.o" -o "src/memorytest.o" "../src/memorytest.c"
'Finished building: ../src/memorytest.c'
' '
'Building file: ../src/platform.c'
'Invoking: ARM v8 gcc compiler'
aarch64-none-elf-gcc -Wall -O0 -g3 -c -fmessage-length=0 -MT"src/platform.o" -I../../standalone_bsp_0/psu_cortexa53_0/include -MMD -MP -MF"src/platform.d" -MT"src/platform.o" -o "src/platform.o" "../src/platform.c"
'Finished building: ../src/platform.c'
' '
'Building target: BRAM_test.elf'
'Invoking: ARM v8 gcc linker'
aarch64-none-elf-gcc -Wl,-T -Wl,../src/lscript.ld -L../../standalone_bsp_0/psu_cortexa53_0/lib -o "BRAM_test.elf"  ./src/memory_config_g.o ./src/memorytest.o ./src/platform.o   -Wl,--start-group,-lxil,-lgcc,-lc,--end-group
'Finished building target: BRAM_test.elf'
' '
'Invoking: ARM v8 Print Size'
aarch64-none-elf-size BRAM_test.elf  |tee "BRAM_test.elf.size"
   text	   data	    bss	    dec	    hex	filename
  38004	   2400	  12552	  52956	   cedc	BRAM_test.elf
'Finished building: BRAM_test.elf.size'
' '

18:03:45 Build Finished (took 649ms)

